[0.007s][info][gc] Using Serial
[4.811s][info][gc] GC(0) Pause Young (Allocation Failure) 4M->2M(15M) 3.736ms
[4.888s][info][gc] GC(1) Pause Young (Allocation Failure) 6M->2M(15M) 2.777ms
[4.946s][info][gc] GC(2) Pause Young (Allocation Failure) 7M->4M(15M) 3.100ms
[5.318s][info][gc] GC(3) Pause Young (Allocation Failure) 8M->4M(15M) 2.154ms
[5.414s][info][gc] GC(4) Pause Young (Allocation Failure) 8M->5M(15M) 2.322ms
[6.088s][info][gc] GC(5) Pause Young (Allocation Failure) 9M->5M(15M) 2.513ms
[33.183s][info][gc] GC(6) Pause Young (Allocation Failure) 10M->5M(15M) 1.745ms
[33.196s][info][gc] GC(7) Pause Young (Allocation Failure) 10M->5M(15M) 0.632ms
[33.206s][info][gc] GC(8) Pause Young (Allocation Failure) 10M->5M(15M) 0.628ms
[33.215s][info][gc] GC(9) Pause Young (Allocation Failure) 10M->5M(15M) 0.851ms
[33.223s][info][gc] GC(10) Pause Young (Allocation Failure) 10M->5M(15M) 0.655ms
[47.575s][info][gc] GC(11) Pause Young (Allocation Failure) 10M->6M(15M) 0.953ms
[87.567s][info][gc] GC(12) Pause Young (Allocation Failure) 10M->5M(15M) 0.994ms
[87.575s][info][gc] GC(13) Pause Young (Allocation Failure) 10M->5M(15M) 0.775ms
[87.582s][info][gc] GC(14) Pause Young (Allocation Failure) 10M->5M(15M) 0.842ms
[87.589s][info][gc] GC(15) Pause Young (Allocation Failure) 10M->5M(15M) 0.863ms
[87.596s][info][gc] GC(16) Pause Young (Allocation Failure) 10M->5M(15M) 0.867ms
[103.574s][info][gc] GC(17) Pause Young (Allocation Failure) 10M->6M(15M) 0.891ms
[147.660s][info][gc] GC(18) Pause Young (Allocation Failure) 10M->6M(15M) 2.570ms
